gcc -pipe -DPACKAGE_NAME=\"cipher\" -DPACKAGE_TARNAME=\"cipher\" -DPACKAGE_VERSION=\"1.6.2\" -DPACKAGE_STRING=\"cipher\ 1.6.2\" -DPACKAGE_BUGREPORT=\"\" -DHAVE_GETENV=1 -DSTDC_HEADERS=1 -DHAVE_SYS_TYPES_H=1 -DHAVE_SYS_STAT_H=1 -DHAVE_STDLIB_H=1 -DHAVE_STRING_H=1 -DHAVE_MEMORY_H=1 -DHAVE_STRINGS_H=1 -DHAVE_INTTYPES_H=1 -DHAVE_STDINT_H=1 -DHAVE_UNISTD_H=1 -DHAVE_LIMITS_H=1 -DHAVE_SYS_PARAM_H=1 -DUSE_THREAD_ALLOC=1 -D_REENTRANT=1 -D_THREAD_SAFE=1 -DTCL_THREADS=1 -D_LARGEFILE64_SOURCE=1 -DTCL_WIDE_INT_IS_LONG=1 -D_LARGEFILE64_SOURCE=1 -DTCL_WIDE_INT_IS_LONG=1 -DUSE_TCL_STUBS=1 -DBUILD_cipher=1  -I. -I"." -I"/usr/include"  -g -O2  -Wall -Wno-implicit-int -fPIC -c `echo cipherInit.c` -o cipherInit.o
cipherInit.c: In function ‘Cipher_Init’:
cipherInit.c:70: warning: passing argument 3 of ‘tclStubsPtr->tcl_CreateCommand’ from incompatible pointer type
cipherInit.c:70: note: expected ‘int (*)(void *, struct Tcl_Interp *, int,  const char **)’ but argument is of type ‘int (*)(void *, struct Tcl_Interp *, int,  char **)’
cipherInit.c:71: warning: passing argument 3 of ‘tclStubsPtr->tcl_CreateCommand’ from incompatible pointer type
cipherInit.c:71: note: expected ‘int (*)(void *, struct Tcl_Interp *, int,  const char **)’ but argument is of type ‘int (*)(void *, struct Tcl_Interp *, int,  char **)’
cipherInit.c:72: warning: passing argument 3 of ‘tclStubsPtr->tcl_CreateCommand’ from incompatible pointer type
cipherInit.c:72: note: expected ‘int (*)(void *, struct Tcl_Interp *, int,  const char **)’ but argument is of type ‘int (*)(void *, struct Tcl_Interp *, int,  char **)’
cipherInit.c:73: warning: passing argument 3 of ‘tclStubsPtr->tcl_CreateCommand’ from incompatible pointer type
cipherInit.c:73: note: expected ‘int (*)(void *, struct Tcl_Interp *, int,  const char **)’ but argument is of type ‘int (*)(void *, struct Tcl_Interp *, int,  char **)’
cipherInit.c:75: warning: passing argument 3 of ‘tclStubsPtr->tcl_CreateCommand’ from incompatible pointer type
cipherInit.c:75: note: expected ‘int (*)(void *, struct Tcl_Interp *, int,  const char **)’ but argument is of type ‘int (*)(void *, struct Tcl_Interp *, int,  char **)’
cipherInit.c:77: warning: passing argument 3 of ‘tclStubsPtr->tcl_CreateCommand’ from incompatible pointer type
cipherInit.c:77: note: expected ‘int (*)(void *, struct Tcl_Interp *, int,  const char **)’ but argument is of type ‘int (*)(void *, struct Tcl_Interp *, int,  char **)’
cipherInit.c:83: warning: passing argument 3 of ‘tclStubsPtr->tcl_CreateCommand’ from incompatible pointer type
cipherInit.c:83: note: expected ‘int (*)(void *, struct Tcl_Interp *, int,  const char **)’ but argument is of type ‘int (*)(void *, struct Tcl_Interp *, int,  char **)’
gcc -pipe -DPACKAGE_NAME=\"cipher\" -DPACKAGE_TARNAME=\"cipher\" -DPACKAGE_VERSION=\"1.6.2\" -DPACKAGE_STRING=\"cipher\ 1.6.2\" -DPACKAGE_BUGREPORT=\"\" -DHAVE_GETENV=1 -DSTDC_HEADERS=1 -DHAVE_SYS_TYPES_H=1 -DHAVE_SYS_STAT_H=1 -DHAVE_STDLIB_H=1 -DHAVE_STRING_H=1 -DHAVE_MEMORY_H=1 -DHAVE_STRINGS_H=1 -DHAVE_INTTYPES_H=1 -DHAVE_STDINT_H=1 -DHAVE_UNISTD_H=1 -DHAVE_LIMITS_H=1 -DHAVE_SYS_PARAM_H=1 -DUSE_THREAD_ALLOC=1 -D_REENTRANT=1 -D_THREAD_SAFE=1 -DTCL_THREADS=1 -D_LARGEFILE64_SOURCE=1 -DTCL_WIDE_INT_IS_LONG=1 -D_LARGEFILE64_SOURCE=1 -DTCL_WIDE_INT_IS_LONG=1 -DUSE_TCL_STUBS=1 -DBUILD_cipher=1  -I. -I"." -I"/usr/include"  -g -O2  -Wall -Wno-implicit-int -fPIC -c `echo cipherUtil.c` -o cipherUtil.o
cipherUtil.c: In function ‘ExtractValidChars’:
cipherUtil.c:90: warning: cast from pointer to integer of different size
gcc -pipe -DPACKAGE_NAME=\"cipher\" -DPACKAGE_TARNAME=\"cipher\" -DPACKAGE_VERSION=\"1.6.2\" -DPACKAGE_STRING=\"cipher\ 1.6.2\" -DPACKAGE_BUGREPORT=\"\" -DHAVE_GETENV=1 -DSTDC_HEADERS=1 -DHAVE_SYS_TYPES_H=1 -DHAVE_SYS_STAT_H=1 -DHAVE_STDLIB_H=1 -DHAVE_STRING_H=1 -DHAVE_MEMORY_H=1 -DHAVE_STRINGS_H=1 -DHAVE_INTTYPES_H=1 -DHAVE_STDINT_H=1 -DHAVE_UNISTD_H=1 -DHAVE_LIMITS_H=1 -DHAVE_SYS_PARAM_H=1 -DUSE_THREAD_ALLOC=1 -D_REENTRANT=1 -D_THREAD_SAFE=1 -DTCL_THREADS=1 -D_LARGEFILE64_SOURCE=1 -DTCL_WIDE_INT_IS_LONG=1 -D_LARGEFILE64_SOURCE=1 -DTCL_WIDE_INT_IS_LONG=1 -DUSE_TCL_STUBS=1 -DBUILD_cipher=1  -I. -I"." -I"/usr/include"  -g -O2  -Wall -Wno-implicit-int -fPIC -c `echo cipher.c` -o cipher.o
cipher.c:195: error: conflicting types for ‘CipherCmd’
cipher.h:129: note: previous declaration of ‘CipherCmd’ was here
make: *** [cipher.o] Error 1
