TCL_LIBRARY= \
	LD_LIBRARY_PATH=:/usr/lib64: \
	TCLLIBPATH=. \
	PATH="":"/usr/lib64/../bin":"/usr/lib64":"/home/wart/bin:/home/wart/tcl/bin:/space/apache-ant-1.6.1/bin:/space/eclipse:/usr/local/HelixPlayer:/space/palmdev/out/bin:/opt/java/j2sdk1.4.2_08/bin:/opt/java/j2sdk1.4.2_08/jre/javaws:/usr/lib64/qt-3.3/bin:/usr/kerberos/sbin:/usr/kerberos/bin:/usr/lib64/ccache:/usr/local/bin:/usr/bin:/bin:/usr/local/sbin:/usr/sbin:/sbin:/usr/libexec/evolution/2.0" \
	/usr/bin/tclsh8.5 `echo ./tests/all.tcl` 
Tests running in interp:  /usr/bin/tclsh8.5
Tests running in working dir:  /home/wart/src/ciphers/ciphertool/tests
Only running tests that match:  *
Skipping test files that match:  l.*.test
Only sourcing test files that match:  *.test
Tests began at Mon Apr 05 10:56:25 PDT 2010
amsco.test
aristocrat.test
baconian.test
bazeries.test
bifid.test
bigbifid.test
bigplayfair.test
cadenus.test
caesar.test
columnar.test
crithm.test
crithmCmd.test
You should see 6 lines (1)
You should see 6 lines (2)
You should see 6 lines (3)
You should see 6 lines (4)
You should see 6 lines (5)
You should see 6 lines (6)
dictionary.test
digrafid.test
fmorse.test
foursquare.test
grandpre.test
grille.test
gromark.test
hillclimb.test
homophonic.test
keygen.test
morbit.test
morse.test
myszcowski.test
nicodemus.test
nitrans.test
phillips.test
playfair.test
pollux.test
quagmire.test
ragbaby.test
route.test
score.test
scoredata.test
stat.test
swagman.test
trifid.test
twosquare.test
utils.test
vvb.test
wordtree.test


==== wordtree-4.5 Find the best word splitting, some words not valid FAILED
==== Contents of test case:

    wordtree add the
    wordtree add quick
    wordtree add fox
    wordtree add brown

    set result [wordtree splitbest "theqbrownfox"]

    wordtree delete

    set result

---- Result was:
the
---- Result should have been (exact matching):
the q brown fox
==== wordtree-4.5 FAILED


Tests ended at Mon Apr 05 10:56:35 PDT 2010
all.tcl:	Total	3416	Passed	3355	Skipped	60	Failed	1
Sourced 0 Test Files.
Number of tests skipped for each constraint:
	1	deletedcommand
	6	knownBug
	30	monolingual
	1	randomResult
	2	timeIntensive
	15	unimplemented
	5	unsupported
